Analysis & Synthesis report for DE0_minibot
Fri Mar 01 18:03:11 2024
Quartus Prime Version 18.1.0 Build 625 09/12/2018 SJ Lite Edition


---------------------
; Table of Contents ;
---------------------
  1. Legal Notice
  2. Analysis & Synthesis Summary
  3. Analysis & Synthesis Settings
  4. Parallel Compilation
  5. Source assignments for sld_signaltap:auto_signaltap_0
  6. Parameter Settings for Inferred Entity Instance: sld_signaltap:auto_signaltap_0
  7. Port Connectivity Checks: "spi_slave:spi_slave_inst"
  8. Analysis & Synthesis Messages
  9. Analysis & Synthesis Suppressed Messages



----------------
; Legal Notice ;
----------------
Copyright (C) 2018  Intel Corporation. All rights reserved.
Your use of Intel Corporation's design tools, logic functions 
and other software and tools, and its AMPP partner logic 
functions, and any output files from any of the foregoing 
(including device programming or simulation files), and any 
associated documentation or information are expressly subject 
to the terms and conditions of the Intel Program License 
Subscription Agreement, the Intel Quartus Prime License Agreement,
the Intel FPGA IP License Agreement, or other applicable license
agreement, including, without limitation, that your use is for
the sole purpose of programming logic devices manufactured by
Intel and sold by Intel or its authorized distributors.  Please
refer to the applicable agreement for further details.



+----------------------------------------------------------------------------------+
; Analysis & Synthesis Summary                                                     ;
+------------------------------------+---------------------------------------------+
; Analysis & Synthesis Status        ; Failed - Fri Mar 01 18:03:11 2024           ;
; Quartus Prime Version              ; 18.1.0 Build 625 09/12/2018 SJ Lite Edition ;
; Revision Name                      ; DE0_minibot                                 ;
; Top-level Entity Name              ; DE0_minibot                                 ;
; Family                             ; Cyclone IV E                                ;
; Total logic elements               ; N/A until Partition Merge                   ;
;     Total combinational functions  ; N/A until Partition Merge                   ;
;     Dedicated logic registers      ; N/A until Partition Merge                   ;
; Total registers                    ; N/A until Partition Merge                   ;
; Total pins                         ; N/A until Partition Merge                   ;
; Total virtual pins                 ; N/A until Partition Merge                   ;
; Total memory bits                  ; N/A until Partition Merge                   ;
; Embedded Multiplier 9-bit elements ; N/A until Partition Merge                   ;
; Total PLLs                         ; N/A until Partition Merge                   ;
+------------------------------------+---------------------------------------------+


+------------------------------------------------------------------------------------------------------------+
; Analysis & Synthesis Settings                                                                              ;
+------------------------------------------------------------------+--------------------+--------------------+
; Option                                                           ; Setting            ; Default Value      ;
+------------------------------------------------------------------+--------------------+--------------------+
; Device                                                           ; EP4CE22F17C6       ;                    ;
; Top-level entity name                                            ; DE0_minibot        ; DE0_minibot        ;
; Family name                                                      ; Cyclone IV E       ; Cyclone V          ;
; Use smart compilation                                            ; Off                ; Off                ;
; Enable parallel Assembler and Timing Analyzer during compilation ; On                 ; On                 ;
; Enable compact report table                                      ; Off                ; Off                ;
; Restructure Multiplexers                                         ; Auto               ; Auto               ;
; Create Debugging Nodes for IP Cores                              ; Off                ; Off                ;
; Preserve fewer node names                                        ; On                 ; On                 ;
; Intel FPGA IP Evaluation Mode                                    ; Enable             ; Enable             ;
; Verilog Version                                                  ; Verilog_2001       ; Verilog_2001       ;
; VHDL Version                                                     ; VHDL_1993          ; VHDL_1993          ;
; State Machine Processing                                         ; Auto               ; Auto               ;
; Safe State Machine                                               ; Off                ; Off                ;
; Extract Verilog State Machines                                   ; On                 ; On                 ;
; Extract VHDL State Machines                                      ; On                 ; On                 ;
; Ignore Verilog initial constructs                                ; Off                ; Off                ;
; Iteration limit for constant Verilog loops                       ; 5000               ; 5000               ;
; Iteration limit for non-constant Verilog loops                   ; 250                ; 250                ;
; Add Pass-Through Logic to Inferred RAMs                          ; On                 ; On                 ;
; Infer RAMs from Raw Logic                                        ; On                 ; On                 ;
; Parallel Synthesis                                               ; On                 ; On                 ;
; DSP Block Balancing                                              ; Auto               ; Auto               ;
; NOT Gate Push-Back                                               ; On                 ; On                 ;
; Power-Up Don't Care                                              ; On                 ; On                 ;
; Remove Redundant Logic Cells                                     ; Off                ; Off                ;
; Remove Duplicate Registers                                       ; On                 ; On                 ;
; Ignore CARRY Buffers                                             ; Off                ; Off                ;
; Ignore CASCADE Buffers                                           ; Off                ; Off                ;
; Ignore GLOBAL Buffers                                            ; Off                ; Off                ;
; Ignore ROW GLOBAL Buffers                                        ; Off                ; Off                ;
; Ignore LCELL Buffers                                             ; Off                ; Off                ;
; Ignore SOFT Buffers                                              ; On                 ; On                 ;
; Limit AHDL Integers to 32 Bits                                   ; Off                ; Off                ;
; Optimization Technique                                           ; Balanced           ; Balanced           ;
; Carry Chain Length                                               ; 70                 ; 70                 ;
; Auto Carry Chains                                                ; On                 ; On                 ;
; Auto Open-Drain Pins                                             ; On                 ; On                 ;
; Perform WYSIWYG Primitive Resynthesis                            ; Off                ; Off                ;
; Auto ROM Replacement                                             ; On                 ; On                 ;
; Auto RAM Replacement                                             ; On                 ; On                 ;
; Auto DSP Block Replacement                                       ; On                 ; On                 ;
; Auto Shift Register Replacement                                  ; Auto               ; Auto               ;
; Allow Shift Register Merging across Hierarchies                  ; Auto               ; Auto               ;
; Auto Clock Enable Replacement                                    ; On                 ; On                 ;
; Strict RAM Replacement                                           ; Off                ; Off                ;
; Allow Synchronous Control Signals                                ; On                 ; On                 ;
; Force Use of Synchronous Clear Signals                           ; Off                ; Off                ;
; Auto RAM Block Balancing                                         ; On                 ; On                 ;
; Auto RAM to Logic Cell Conversion                                ; Off                ; Off                ;
; Auto Resource Sharing                                            ; Off                ; Off                ;
; Allow Any RAM Size For Recognition                               ; Off                ; Off                ;
; Allow Any ROM Size For Recognition                               ; Off                ; Off                ;
; Allow Any Shift Register Size For Recognition                    ; Off                ; Off                ;
; Use LogicLock Constraints during Resource Balancing              ; On                 ; On                 ;
; Ignore translate_off and synthesis_off directives                ; Off                ; Off                ;
; Timing-Driven Synthesis                                          ; On                 ; On                 ;
; Report Parameter Settings                                        ; On                 ; On                 ;
; Report Source Assignments                                        ; On                 ; On                 ;
; Report Connectivity Checks                                       ; On                 ; On                 ;
; Ignore Maximum Fan-Out Assignments                               ; Off                ; Off                ;
; Synchronization Register Chain Length                            ; 2                  ; 2                  ;
; Power Optimization During Synthesis                              ; Normal compilation ; Normal compilation ;
; HDL message level                                                ; Level2             ; Level2             ;
; Suppress Register Optimization Related Messages                  ; Off                ; Off                ;
; Number of Removed Registers Reported in Synthesis Report         ; 5000               ; 5000               ;
; Number of Swept Nodes Reported in Synthesis Report               ; 5000               ; 5000               ;
; Number of Inverted Registers Reported in Synthesis Report        ; 100                ; 100                ;
; Clock MUX Protection                                             ; On                 ; On                 ;
; Auto Gated Clock Conversion                                      ; Off                ; Off                ;
; Block Design Naming                                              ; Auto               ; Auto               ;
; SDC constraint protection                                        ; Off                ; Off                ;
; Synthesis Effort                                                 ; Auto               ; Auto               ;
; Shift Register Replacement - Allow Asynchronous Clear Signal     ; On                 ; On                 ;
; Pre-Mapping Resynthesis Optimization                             ; Off                ; Off                ;
; Analysis & Synthesis Message Level                               ; Medium             ; Medium             ;
; Disable Register Merging Across Hierarchies                      ; Auto               ; Auto               ;
; Resource Aware Inference For Block RAM                           ; On                 ; On                 ;
+------------------------------------------------------------------+--------------------+--------------------+


+------------------------------------------+
; Parallel Compilation                     ;
+----------------------------+-------------+
; Processors                 ; Number      ;
+----------------------------+-------------+
; Number detected on machine ; 8           ;
; Maximum allowed            ; 4           ;
;                            ;             ;
; Average used               ; 1.00        ;
; Maximum used               ; 1           ;
;                            ;             ;
; Usage by Processor         ; % Time Used ;
;     Processor 1            ; 100.0%      ;
+----------------------------+-------------+


+-------------------------------------------------------+
; Source assignments for sld_signaltap:auto_signaltap_0 ;
+-----------------+-------+------+----------------------+
; Assignment      ; Value ; From ; To                   ;
+-----------------+-------+------+----------------------+
; MESSAGE_DISABLE ; 13410 ; -    ; -                    ;
+-----------------+-------+------+----------------------+


+-----------------------------------------------------------------------------------------------------------------------------------+
; Parameter Settings for Inferred Entity Instance: sld_signaltap:auto_signaltap_0                                                   ;
+-------------------------------------------------+----------------------------------------------------------------+----------------+
; Parameter Name                                  ; Value                                                          ; Type           ;
+-------------------------------------------------+----------------------------------------------------------------+----------------+
; lpm_type                                        ; sld_signaltap                                                  ; String         ;
; sld_node_info                                   ; 805334528                                                      ; Untyped        ;
; SLD_SECTION_ID                                  ; hdl_signaltap_0                                                ; String         ;
; SLD_IP_VERSION                                  ; 6                                                              ; Signed Integer ;
; SLD_IP_MINOR_VERSION                            ; 0                                                              ; Signed Integer ;
; SLD_COMMON_IP_VERSION                           ; 0                                                              ; Signed Integer ;
; sld_data_bits                                   ; 12                                                             ; Untyped        ;
; sld_trigger_bits                                ; 12                                                             ; Untyped        ;
; SLD_NODE_CRC_BITS                               ; 32                                                             ; Signed Integer ;
; SLD_NODE_CRC_HIWORD                             ; 41394                                                          ; Signed Integer ;
; SLD_NODE_CRC_LOWORD                             ; 50132                                                          ; Signed Integer ;
; sld_incremental_routing                         ; 1                                                              ; Untyped        ;
; sld_sample_depth                                ; 4096                                                           ; Untyped        ;
; sld_segment_size                                ; 4096                                                           ; Untyped        ;
; sld_ram_block_type                              ; AUTO                                                           ; Untyped        ;
; sld_state_bits                                  ; 11                                                             ; Untyped        ;
; sld_buffer_full_stop                            ; 1                                                              ; Untyped        ;
; SLD_MEM_ADDRESS_BITS                            ; 7                                                              ; Signed Integer ;
; SLD_DATA_BIT_CNTR_BITS                          ; 4                                                              ; Signed Integer ;
; sld_trigger_level                               ; 1                                                              ; Untyped        ;
; sld_trigger_in_enabled                          ; 0                                                              ; Untyped        ;
; SLD_HPS_TRIGGER_IN_ENABLED                      ; 0                                                              ; Signed Integer ;
; SLD_HPS_TRIGGER_OUT_ENABLED                     ; 0                                                              ; Signed Integer ;
; SLD_HPS_EVENT_ENABLED                           ; 0                                                              ; Signed Integer ;
; SLD_HPS_EVENT_ID                                ; 0                                                              ; Signed Integer ;
; sld_advanced_trigger_entity                     ; basic,1,                                                       ; Untyped        ;
; sld_trigger_level_pipeline                      ; 1                                                              ; Untyped        ;
; sld_trigger_pipeline                            ; 0                                                              ; Untyped        ;
; sld_ram_pipeline                                ; 0                                                              ; Untyped        ;
; sld_counter_pipeline                            ; 0                                                              ; Untyped        ;
; sld_enable_advanced_trigger                     ; 0                                                              ; Untyped        ;
; SLD_ADVANCED_TRIGGER_1                          ; NONE                                                           ; String         ;
; SLD_ADVANCED_TRIGGER_2                          ; NONE                                                           ; String         ;
; SLD_ADVANCED_TRIGGER_3                          ; NONE                                                           ; String         ;
; SLD_ADVANCED_TRIGGER_4                          ; NONE                                                           ; String         ;
; SLD_ADVANCED_TRIGGER_5                          ; NONE                                                           ; String         ;
; SLD_ADVANCED_TRIGGER_6                          ; NONE                                                           ; String         ;
; SLD_ADVANCED_TRIGGER_7                          ; NONE                                                           ; String         ;
; SLD_ADVANCED_TRIGGER_8                          ; NONE                                                           ; String         ;
; SLD_ADVANCED_TRIGGER_9                          ; NONE                                                           ; String         ;
; SLD_ADVANCED_TRIGGER_10                         ; NONE                                                           ; String         ;
; sld_inversion_mask_length                       ; 62                                                             ; Untyped        ;
; sld_inversion_mask                              ; 00000000000000000000000000000000000000000000000000000000000000 ; Untyped        ;
; sld_power_up_trigger                            ; 0                                                              ; Untyped        ;
; SLD_STATE_FLOW_MGR_ENTITY                       ; state_flow_mgr_entity.vhd                                      ; String         ;
; sld_state_flow_use_generated                    ; 0                                                              ; Untyped        ;
; sld_current_resource_width                      ; 1                                                              ; Untyped        ;
; sld_attribute_mem_mode                          ; OFF                                                            ; Untyped        ;
; sld_storage_qualifier_bits                      ; 12                                                             ; Untyped        ;
; SLD_STORAGE_QUALIFIER_GAP_RECORD                ; 0                                                              ; Signed Integer ;
; SLD_STORAGE_QUALIFIER_MODE                      ; OFF                                                            ; String         ;
; SLD_STORAGE_QUALIFIER_ENABLE_ADVANCED_CONDITION ; 0                                                              ; Signed Integer ;
; sld_storage_qualifier_inversion_mask_length     ; 0                                                              ; Untyped        ;
; SLD_STORAGE_QUALIFIER_ADVANCED_CONDITION_ENTITY ; basic                                                          ; String         ;
; SLD_STORAGE_QUALIFIER_PIPELINE                  ; 0                                                              ; Signed Integer ;
; SLD_CREATE_MONITOR_INTERFACE                    ; 0                                                              ; Signed Integer ;
; SLD_USE_JTAG_SIGNAL_ADAPTER                     ; 1                                                              ; Signed Integer ;
+-------------------------------------------------+----------------------------------------------------------------+----------------+
Note: In order to hide this table in the UI and the text report file, please set the "Show Parameter Settings in Synthesis Report" option in "Analysis and Synthesis Settings -> More Settings" to "Off".


+---------------------------------------------------------------------------------------------------------------------+
; Port Connectivity Checks: "spi_slave:spi_slave_inst"                                                                ;
+-----------+--------+----------+-------------------------------------------------------------------------------------+
; Port      ; Type   ; Severity ; Details                                                                             ;
+-----------+--------+----------+-------------------------------------------------------------------------------------+
; Data_Read ; Output ; Info     ; Connected to dangling logic. Logic that only feeds a dangling port will be removed. ;
+-----------+--------+----------+-------------------------------------------------------------------------------------+


+-------------------------------+
; Analysis & Synthesis Messages ;
+-------------------------------+
Info: *******************************************************************
Info: Running Quartus Prime Analysis & Synthesis
    Info: Version 18.1.0 Build 625 09/12/2018 SJ Lite Edition
    Info: Processing started: Fri Mar 01 18:02:51 2024
Info: Command: quartus_map --read_settings_files=on --write_settings_files=off DE0_minibot -c DE0_minibot
Warning (18236): Number of processors has not been specified which may cause overloading on shared machines.  Set the global assignment NUM_PARALLEL_PROCESSORS in your QSF to an appropriate value for best performance.
Info (20030): Parallel compilation is enabled and will use 4 of the 4 processors detected
Info (12021): Found 1 design units, including 1 entities, in source file spi_slave.sv
    Info (12023): Found entity 1: spi_slave File: C:/Users/kneip/OneDrive/Bureau/Cours/Projet Mécatro/Code/Bot_annick/system_verilog/DE0-minibot/DEO/spi_slave.sv Line: 6
Info (12021): Found 1 design units, including 1 entities, in source file odometer.sv
    Info (12023): Found entity 1: odometer File: C:/Users/kneip/OneDrive/Bureau/Cours/Projet Mécatro/Code/Bot_annick/system_verilog/DE0-minibot/DEO/odometer.sv Line: 2
Info (12021): Found 1 design units, including 1 entities, in source file encoder.sv
    Info (12023): Found entity 1: encoder File: C:/Users/kneip/OneDrive/Bureau/Cours/Projet Mécatro/Code/Bot_annick/system_verilog/DE0-minibot/DEO/encoder.sv Line: 1
Info (12021): Found 1 design units, including 1 entities, in source file de0_minibot.sv
    Info (12023): Found entity 1: DE0_minibot File: C:/Users/kneip/OneDrive/Bureau/Cours/Projet Mécatro/Code/Bot_annick/system_verilog/DE0-minibot/DEO/DE0_minibot.sv Line: 7
Info (12127): Elaborating entity "DE0_minibot" for the top level hierarchy
Warning (10034): Output port "LED" at DE0_minibot.sv(68) has no driver File: C:/Users/kneip/OneDrive/Bureau/Cours/Projet Mécatro/Code/Bot_annick/system_verilog/DE0-minibot/DEO/DE0_minibot.sv Line: 68
Warning (10034): Output port "DRAM_ADDR" at DE0_minibot.sv(74) has no driver File: C:/Users/kneip/OneDrive/Bureau/Cours/Projet Mécatro/Code/Bot_annick/system_verilog/DE0-minibot/DEO/DE0_minibot.sv Line: 74
Warning (10034): Output port "DRAM_BA" at DE0_minibot.sv(75) has no driver File: C:/Users/kneip/OneDrive/Bureau/Cours/Projet Mécatro/Code/Bot_annick/system_verilog/DE0-minibot/DEO/DE0_minibot.sv Line: 75
Warning (10034): Output port "DRAM_DQM" at DE0_minibot.sv(81) has no driver File: C:/Users/kneip/OneDrive/Bureau/Cours/Projet Mécatro/Code/Bot_annick/system_verilog/DE0-minibot/DEO/DE0_minibot.sv Line: 81
Warning (10034): Output port "DRAM_CAS_N" at DE0_minibot.sv(76) has no driver File: C:/Users/kneip/OneDrive/Bureau/Cours/Projet Mécatro/Code/Bot_annick/system_verilog/DE0-minibot/DEO/DE0_minibot.sv Line: 76
Warning (10034): Output port "DRAM_CKE" at DE0_minibot.sv(77) has no driver File: C:/Users/kneip/OneDrive/Bureau/Cours/Projet Mécatro/Code/Bot_annick/system_verilog/DE0-minibot/DEO/DE0_minibot.sv Line: 77
Warning (10034): Output port "DRAM_CLK" at DE0_minibot.sv(78) has no driver File: C:/Users/kneip/OneDrive/Bureau/Cours/Projet Mécatro/Code/Bot_annick/system_verilog/DE0-minibot/DEO/DE0_minibot.sv Line: 78
Warning (10034): Output port "DRAM_CS_N" at DE0_minibot.sv(79) has no driver File: C:/Users/kneip/OneDrive/Bureau/Cours/Projet Mécatro/Code/Bot_annick/system_verilog/DE0-minibot/DEO/DE0_minibot.sv Line: 79
Warning (10034): Output port "DRAM_RAS_N" at DE0_minibot.sv(82) has no driver File: C:/Users/kneip/OneDrive/Bureau/Cours/Projet Mécatro/Code/Bot_annick/system_verilog/DE0-minibot/DEO/DE0_minibot.sv Line: 82
Warning (10034): Output port "DRAM_WE_N" at DE0_minibot.sv(83) has no driver File: C:/Users/kneip/OneDrive/Bureau/Cours/Projet Mécatro/Code/Bot_annick/system_verilog/DE0-minibot/DEO/DE0_minibot.sv Line: 83
Warning (10034): Output port "EPCS_ASDO" at DE0_minibot.sv(86) has no driver File: C:/Users/kneip/OneDrive/Bureau/Cours/Projet Mécatro/Code/Bot_annick/system_verilog/DE0-minibot/DEO/DE0_minibot.sv Line: 86
Warning (10034): Output port "EPCS_DCLK" at DE0_minibot.sv(88) has no driver File: C:/Users/kneip/OneDrive/Bureau/Cours/Projet Mécatro/Code/Bot_annick/system_verilog/DE0-minibot/DEO/DE0_minibot.sv Line: 88
Warning (10034): Output port "EPCS_NCSO" at DE0_minibot.sv(89) has no driver File: C:/Users/kneip/OneDrive/Bureau/Cours/Projet Mécatro/Code/Bot_annick/system_verilog/DE0-minibot/DEO/DE0_minibot.sv Line: 89
Warning (10034): Output port "I2C_SCLK" at DE0_minibot.sv(92) has no driver File: C:/Users/kneip/OneDrive/Bureau/Cours/Projet Mécatro/Code/Bot_annick/system_verilog/DE0-minibot/DEO/DE0_minibot.sv Line: 92
Warning (10034): Output port "ADC_CS_N" at DE0_minibot.sv(96) has no driver File: C:/Users/kneip/OneDrive/Bureau/Cours/Projet Mécatro/Code/Bot_annick/system_verilog/DE0-minibot/DEO/DE0_minibot.sv Line: 96
Warning (10034): Output port "ADC_SADDR" at DE0_minibot.sv(97) has no driver File: C:/Users/kneip/OneDrive/Bureau/Cours/Projet Mécatro/Code/Bot_annick/system_verilog/DE0-minibot/DEO/DE0_minibot.sv Line: 97
Warning (10034): Output port "ADC_SCLK" at DE0_minibot.sv(98) has no driver File: C:/Users/kneip/OneDrive/Bureau/Cours/Projet Mécatro/Code/Bot_annick/system_verilog/DE0-minibot/DEO/DE0_minibot.sv Line: 98
Info (12128): Elaborating entity "spi_slave" for hierarchy "spi_slave:spi_slave_inst" File: C:/Users/kneip/OneDrive/Bureau/Cours/Projet Mécatro/Code/Bot_annick/system_verilog/DE0-minibot/DEO/DE0_minibot.sv Line: 130
Info (12128): Elaborating entity "encoder" for hierarchy "encoder:encoder1" File: C:/Users/kneip/OneDrive/Bureau/Cours/Projet Mécatro/Code/Bot_annick/system_verilog/DE0-minibot/DEO/DE0_minibot.sv Line: 168
Warning (10230): Verilog HDL assignment warning at encoder.sv(41): truncated value with size 32 to match size of target (16) File: C:/Users/kneip/OneDrive/Bureau/Cours/Projet Mécatro/Code/Bot_annick/system_verilog/DE0-minibot/DEO/encoder.sv Line: 41
Warning (10230): Verilog HDL assignment warning at encoder.sv(46): truncated value with size 32 to match size of target (16) File: C:/Users/kneip/OneDrive/Bureau/Cours/Projet Mécatro/Code/Bot_annick/system_verilog/DE0-minibot/DEO/encoder.sv Line: 46
Warning (10230): Verilog HDL assignment warning at encoder.sv(51): truncated value with size 32 to match size of target (16) File: C:/Users/kneip/OneDrive/Bureau/Cours/Projet Mécatro/Code/Bot_annick/system_verilog/DE0-minibot/DEO/encoder.sv Line: 51
Warning (10230): Verilog HDL assignment warning at encoder.sv(56): truncated value with size 32 to match size of target (16) File: C:/Users/kneip/OneDrive/Bureau/Cours/Projet Mécatro/Code/Bot_annick/system_verilog/DE0-minibot/DEO/encoder.sv Line: 56
Info (12128): Elaborating entity "odometer" for hierarchy "odometer:odo1" File: C:/Users/kneip/OneDrive/Bureau/Cours/Projet Mécatro/Code/Bot_annick/system_verilog/DE0-minibot/DEO/DE0_minibot.sv Line: 199
Warning (12011): Net is missing source, defaulting to GND
    Warning (12110): Net "reset" is missing source, defaulting to GND File: C:/Users/kneip/OneDrive/Bureau/Cours/Projet Mécatro/Code/Bot_annick/system_verilog/DE0-minibot/DEO/DE0_minibot.sv Line: 112
Warning (12011): Net is missing source, defaulting to GND
    Warning (12110): Net "reset" is missing source, defaulting to GND File: C:/Users/kneip/OneDrive/Bureau/Cours/Projet Mécatro/Code/Bot_annick/system_verilog/DE0-minibot/DEO/DE0_minibot.sv Line: 112
Info (12021): Found 1 design units, including 1 entities, in source file db/altsyncram_4b24.tdf
    Info (12023): Found entity 1: altsyncram_4b24 File: C:/Users/kneip/OneDrive/Bureau/Cours/Projet Mécatro/Code/Bot_annick/system_verilog/DE0-minibot/DEO/db/altsyncram_4b24.tdf Line: 27
Info (12021): Found 1 design units, including 1 entities, in source file db/mux_tsc.tdf
    Info (12023): Found entity 1: mux_tsc File: C:/Users/kneip/OneDrive/Bureau/Cours/Projet Mécatro/Code/Bot_annick/system_verilog/DE0-minibot/DEO/db/mux_tsc.tdf Line: 22
Info (12021): Found 1 design units, including 1 entities, in source file db/decode_dvf.tdf
    Info (12023): Found entity 1: decode_dvf File: C:/Users/kneip/OneDrive/Bureau/Cours/Projet Mécatro/Code/Bot_annick/system_verilog/DE0-minibot/DEO/db/decode_dvf.tdf Line: 22
Info (12021): Found 1 design units, including 1 entities, in source file db/cntr_bgi.tdf
    Info (12023): Found entity 1: cntr_bgi File: C:/Users/kneip/OneDrive/Bureau/Cours/Projet Mécatro/Code/Bot_annick/system_verilog/DE0-minibot/DEO/db/cntr_bgi.tdf Line: 27
Info (12021): Found 1 design units, including 1 entities, in source file db/cmpr_qgc.tdf
    Info (12023): Found entity 1: cmpr_qgc File: C:/Users/kneip/OneDrive/Bureau/Cours/Projet Mécatro/Code/Bot_annick/system_verilog/DE0-minibot/DEO/db/cmpr_qgc.tdf Line: 22
Info (12021): Found 1 design units, including 1 entities, in source file db/cntr_m9j.tdf
    Info (12023): Found entity 1: cntr_m9j File: C:/Users/kneip/OneDrive/Bureau/Cours/Projet Mécatro/Code/Bot_annick/system_verilog/DE0-minibot/DEO/db/cntr_m9j.tdf Line: 25
Info (12021): Found 1 design units, including 1 entities, in source file db/cntr_ggi.tdf
    Info (12023): Found entity 1: cntr_ggi File: C:/Users/kneip/OneDrive/Bureau/Cours/Projet Mécatro/Code/Bot_annick/system_verilog/DE0-minibot/DEO/db/cntr_ggi.tdf Line: 27
Info (12021): Found 1 design units, including 1 entities, in source file db/cmpr_rgc.tdf
    Info (12023): Found entity 1: cmpr_rgc File: C:/Users/kneip/OneDrive/Bureau/Cours/Projet Mécatro/Code/Bot_annick/system_verilog/DE0-minibot/DEO/db/cmpr_rgc.tdf Line: 22
Info (12021): Found 1 design units, including 1 entities, in source file db/cntr_23j.tdf
    Info (12023): Found entity 1: cntr_23j File: C:/Users/kneip/OneDrive/Bureau/Cours/Projet Mécatro/Code/Bot_annick/system_verilog/DE0-minibot/DEO/db/cntr_23j.tdf Line: 27
Info (12021): Found 1 design units, including 1 entities, in source file db/cmpr_ngc.tdf
    Info (12023): Found entity 1: cmpr_ngc File: C:/Users/kneip/OneDrive/Bureau/Cours/Projet Mécatro/Code/Bot_annick/system_verilog/DE0-minibot/DEO/db/cmpr_ngc.tdf Line: 22
Info (12033): Analysis and Synthesis generated Signal Tap or debug node instance "auto_signaltap_0"
Info (11170): Starting IP generation for the debug fabric: alt_sld_fab.
Info (11172): 2024.03.01.18:03:10 Progress: Loading sld0d4166f7/alt_sld_fab_wrapper_hw.tcl
Error (11176): Factory com.altera.sopcmodel.components.tclmodule.TclModuleFactory reading C:/Users/kneip/OneDrive/Bureau/Cours/Projet Mécatro/Code/Bot_annick/system_verilog/DE0-minibot/DEO/db/ip/sld0d4166f7/alt_sld_fab_wrapper_hw.tcl exception com.altera.utilities.FileUtilities$AlteraIpException: C:\Users\kneip\OneDrive\Bureau\Cours\Projet Mécatro\Code\Bot_annick\system_verilog\DE0-minibot\DEO\db\ip\sld0d4166f7\alt_sld_fab_wrapper_hw.tcl
Error (11176): No component alt_sld_fab in C:/Users/kneip/OneDrive/Bureau/Cours/Projet Mécatro/Code/Bot_annick/system_verilog/DE0-minibot/DEO/db/ip/sld0d4166f7/alt_sld_fab_wrapper_hw.tcl
Info (11171): Finished IP generation for the debug fabric: alt_sld_fab.
Error (10002): Can't open VHDL or Verilog HDL file "C:/Users/kneip/OneDrive/Bureau/Cours/Projet Mécatro/Code/Bot_annick/system_verilog/DE0-minibot/DEO/"
Info (12021): Found 0 design units, including 0 entities, in source file 
Info (15248): File "C:/Users/kneip/OneDrive/Bureau/Cours/Projet Mécatro/Code/Bot_annick/system_verilog/DE0-minibot/DEO/" is a duplicate of already analyzed file "C:/Users/kneip/OneDrive/Bureau/Cours/Projet Mécatro/Code/Bot_annick/system_verilog/DE0-minibot/DEO/" (same filename, same library name and same md5 digest). Skipping analysis of this file.
Info (12021): Found 0 design units, including 0 entities, in source file 
Info (15248): File "C:/Users/kneip/OneDrive/Bureau/Cours/Projet Mécatro/Code/Bot_annick/system_verilog/DE0-minibot/DEO/" is a duplicate of already analyzed file "C:/Users/kneip/OneDrive/Bureau/Cours/Projet Mécatro/Code/Bot_annick/system_verilog/DE0-minibot/DEO/" (same filename, same library name and same md5 digest). Skipping analysis of this file.
Info (12021): Found 0 design units, including 0 entities, in source file 
Info (15248): File "C:/Users/kneip/OneDrive/Bureau/Cours/Projet Mécatro/Code/Bot_annick/system_verilog/DE0-minibot/DEO/" is a duplicate of already analyzed file "C:/Users/kneip/OneDrive/Bureau/Cours/Projet Mécatro/Code/Bot_annick/system_verilog/DE0-minibot/DEO/" (same filename, same library name and same md5 digest). Skipping analysis of this file.
Info (12021): Found 0 design units, including 0 entities, in source file 
Info (15248): File "C:/Users/kneip/OneDrive/Bureau/Cours/Projet Mécatro/Code/Bot_annick/system_verilog/DE0-minibot/DEO/" is a duplicate of already analyzed file "C:/Users/kneip/OneDrive/Bureau/Cours/Projet Mécatro/Code/Bot_annick/system_verilog/DE0-minibot/DEO/" (same filename, same library name and same md5 digest). Skipping analysis of this file.
Info (12021): Found 0 design units, including 0 entities, in source file 
Info (15248): File "C:/Users/kneip/OneDrive/Bureau/Cours/Projet Mécatro/Code/Bot_annick/system_verilog/DE0-minibot/DEO/" is a duplicate of already analyzed file "C:/Users/kneip/OneDrive/Bureau/Cours/Projet Mécatro/Code/Bot_annick/system_verilog/DE0-minibot/DEO/" (same filename, same library name and same md5 digest). Skipping analysis of this file.
Info (12021): Found 0 design units, including 0 entities, in source file 
Info (144001): Generated suppressed messages file C:/Users/kneip/OneDrive/Bureau/Cours/Projet Mécatro/Code/Bot_annick/system_verilog/DE0-minibot/DEO/DE0_minibot.map.smsg
Error: Quartus Prime Analysis & Synthesis was unsuccessful. 3 errors, 26 warnings
    Error: Peak virtual memory: 4821 megabytes
    Error: Processing ended: Fri Mar 01 18:03:11 2024
    Error: Elapsed time: 00:00:20
    Error: Total CPU time (on all processors): 00:00:41


+------------------------------------------+
; Analysis & Synthesis Suppressed Messages ;
+------------------------------------------+
The suppressed messages can be found in C:/Users/kneip/OneDrive/Bureau/Cours/Projet Mécatro/Code/Bot_annick/system_verilog/DE0-minibot/DEO/DE0_minibot.map.smsg.


